
> install@0.1.0 build
> next build

Ôû▓ Next.js 16.1.6 (Turbopack)
- Environments: .env.local, .env

  Creating an optimized production build ...
Ô£ô Compiled successfully in 4.4s
  Running TypeScript ...
  Collecting page data using 15 workers ...
  Generating static pages using 15 workers (0/14) ...
  Generating static pages using 15 workers (3/14) 
  Generating static pages using 15 workers (6/14) 
  Generating static pages using 15 workers (10/14) 
Ô£ô Generating static pages using 15 workers (14/14) in 237.0ms
  Finalizing page optimization ...

Route (app)
Ôöî Ôùï /
Ôö£ Ôùï /_not-found
Ôö£ Ôùï /admin
Ôö£ Ôùï /admin/users
Ôö£ ãÆ /api/apex/invoices
Ôö£ ãÆ /api/apex/offers
Ôö£ Ôùï /login
Ôö£ Ôùï /manager
Ôö£ ãÆ /orders/[id]
Ôö£ Ôùï /qr/verify
Ôö£ Ôùï /sales/orders
Ôö£ Ôùï /sales/orders/new
Ôö£ Ôùï /supervisor
Ôö£ Ôùï /tasks
Ôö£ ãÆ /tasks/[id]
Ôö£ Ôùï /technician
Ôöö ãÆ /verify/[id]


Ôùï  (Static)   prerendered as static content
ãÆ  (Dynamic)  server-rendered on demand

